---
source: crates/oxc_semantic/tests/integration/cfg.rs
expression: snapshot
input_file: crates/oxc_semantic/tests/integration/cfg_fixtures/arrow_expressions.js
---
bb0: {
	(BasicBlockFlags(Implicit | Error))
}

bb1: {
	(BasicBlockFlags(Start | Referenced | Shared))
	statement
	statement
}

bb2: {
	(BasicBlockFlags(Implicit | Error))
}

bb3: {
	(BasicBlockFlags(Start))
	statement
}

bb4: {
	(BasicBlockFlags(Implicit | Error))
}

bb5: {
	(BasicBlockFlags(Start))
	statement
}

digraph {
    0 [ label = "bb0
(BasicBlockFlags(Implicit | Error))" shape = box]
    1 [ label = "bb1
(BasicBlockFlags(Start | Referenced | Shared))
ExpressionStatement
VariableDeclaration" shape = box]
    2 [ label = "bb2
(BasicBlockFlags(Implicit | Error))" shape = box]
    3 [ label = "bb3
(BasicBlockFlags(Start))
ExpressionStatement" shape = box]
    4 [ label = "bb4
(BasicBlockFlags(Implicit | Error))" shape = box]
    5 [ label = "bb5
(BasicBlockFlags(Start))
ExpressionStatement" shape = box]
    1 -> 0 [ label="Error(Implicit)", style=dashed, color=red]
    3 -> 2 [ label="Error(Implicit)", style=dashed, color=red]
    1 -> 3 [ label="NewFunction"]
    5 -> 4 [ label="Error(Implicit)", style=dashed, color=red]
    1 -> 5 [ label="NewFunction"]
}
