---
source: crates/oxc_semantic/tests/integration/cfg.rs
expression: snapshot
input_file: crates/oxc_semantic/tests/integration/cfg_fixtures/function_in_finally.js
---
bb0: {
	(BasicBlockFlags(Implicit | Error))
}

bb1: {
	(BasicBlockFlags(Start | Referenced))
	statement
}

bb2: {
	(BasicBlockFlags(Referenced | Finalize))
}

bb3: {
	(BasicBlockFlags(Referenced))
	statement
	statement
}

bb4: {
	(BasicBlockFlags(Referenced | Shared))
}

bb5: {
	(BasicBlockFlags(Implicit | Error))
}

bb6: {
	(BasicBlockFlags(Start))
}

bb7: {
	(BasicBlockFlags(Referenced))
	statement
}

bb8: {
	(BasicBlockFlags(0x0))
}

digraph {
    0 [ label = "bb0
(BasicBlockFlags(Implicit | Error))" shape = box]
    1 [ label = "bb1
(BasicBlockFlags(Start | Referenced))
TryStatement" shape = box]
    2 [ label = "bb2
(BasicBlockFlags(Referenced | Finalize))" shape = box]
    3 [ label = "bb3
(BasicBlockFlags(Referenced))
BlockStatement
ExpressionStatement" shape = box]
    4 [ label = "bb4
(BasicBlockFlags(Referenced | Shared))" shape = box]
    5 [ label = "bb5
(BasicBlockFlags(Implicit | Error))" shape = box]
    6 [ label = "bb6
(BasicBlockFlags(Start))" shape = box]
    7 [ label = "bb7
(BasicBlockFlags(Referenced))
ExpressionStatement" shape = box]
    8 [ label = "bb8
(BasicBlockFlags(0x0))" shape = box]
    1 -> 0 [ label="Error(Implicit)", style=dashed, color=red]
    3 -> 0 [ label="Error(Implicit)", style=dashed, color=red]
    3 -> 2 [ label="Finalize"]
    4 -> 0 [ label="Error(Implicit)", style=dashed, color=red]
    2 -> 4 [ label="Normal"]
    6 -> 5 [ label="Error(Implicit)", style=dashed, color=red]
    4 -> 6 [ label="NewFunction"]
    7 -> 0 [ label="Error(Implicit)", style=dashed, color=red]
    4 -> 7 [ label="Normal"]
    8 -> 0 [ label="Error(Implicit)", style=dashed, color=red]
    1 -> 3 [ label="Normal"]
    7 -> 8 [ label="Join"]
}
