---
source: crates/oxc_semantic/tests/integration/cfg.rs
expression: snapshot
input_file: crates/oxc_semantic/tests/integration/cfg_fixtures/import_as_function.js
---
bb0: {
	(BasicBlockFlags(Implicit | Error))
}

bb1: {
	(BasicBlockFlags(Start | Referenced))
	statement
}

bb2: {
	(BasicBlockFlags(Implicit | Error))
}

bb3: {
	(BasicBlockFlags(Start))
	statement
}

digraph {
    0 [ label = "bb0
(BasicBlockFlags(Implicit | Error))" shape = box]
    1 [ label = "bb1
(BasicBlockFlags(Start | Referenced))
ExpressionStatement" shape = box]
    2 [ label = "bb2
(BasicBlockFlags(Implicit | Error))" shape = box]
    3 [ label = "bb3
(BasicBlockFlags(Start))
ExpressionStatement" shape = box]
    1 -> 0 [ label="Error(Implicit)", style=dashed, color=red]
    3 -> 2 [ label="Error(Implicit)", style=dashed, color=red]
    1 -> 3 [ label="NewFunction"]
}
