---
source: crates/oxc_semantic/tests/integration/cfg.rs
expression: snapshot
input_file: crates/oxc_semantic/tests/integration/cfg_fixtures/while.js
---
bb0: {
	(BasicBlockFlags(Implicit | Error))
}

bb1: {
	(BasicBlockFlags(Start | Referenced | Shared))
}

bb2: {
	(BasicBlockFlags(Implicit | Error))
}

bb3: {
	(BasicBlockFlags(Start | Referenced))
	statement
}

bb4: {
	(BasicBlockFlags(LoopLabel | Referenced | Shared))
	condition
}

bb5: {
	(BasicBlockFlags(Referenced))
}

bb6: {
	(BasicBlockFlags(0x0))
}

bb7: {
	(BasicBlockFlags(Referenced))
	statement
	return <value>
}

bb8: {
	(BasicBlockFlags(Unreachable | Referenced))
	unreachable
}

bb9: {
	(BasicBlockFlags(Referenced))
	return <value>
}

bb10: {
	(BasicBlockFlags(Unreachable))
	unreachable
}

bb11: {
	(BasicBlockFlags(0x0))
}

digraph {
    0 [ label = "bb0
(BasicBlockFlags(Implicit | Error))" shape = box]
    1 [ label = "bb1
(BasicBlockFlags(Start | Referenced | Shared))" shape = box]
    2 [ label = "bb2
(BasicBlockFlags(Implicit | Error))" shape = box]
    3 [ label = "bb3
(BasicBlockFlags(Start | Referenced))
WhileStatement" shape = box]
    4 [ label = "bb4
(BasicBlockFlags(LoopLabel | Referenced | Shared))
Condition(LogicalExpression)" shape = box]
    5 [ label = "bb5
(BasicBlockFlags(Referenced))" shape = box]
    6 [ label = "bb6
(BasicBlockFlags(0x0))" shape = box]
    7 [ label = "bb7
(BasicBlockFlags(Referenced))
BlockStatement
return <value>" shape = box]
    8 [ label = "bb8
(BasicBlockFlags(Unreachable | Referenced))
unreachable" shape = box]
    9 [ label = "bb9
(BasicBlockFlags(Referenced))
return <value>" shape = box]
    10 [ label = "bb10
(BasicBlockFlags(Unreachable))
unreachable" shape = box]
    11 [ label = "bb11
(BasicBlockFlags(0x0))" shape = box]
    1 -> 0 [ label="Error(Implicit)", style=dashed, color=red]
    3 -> 2 [ label="Error(Implicit)", style=dashed, color=red]
    1 -> 3 [ label="NewFunction"]
    4 -> 2 [ label="Error(Implicit)", style=dashed, color=red]
    5 -> 2 [ label="Error(Implicit)", style=dashed, color=red]
    6 -> 2 [ label="Error(Implicit)", style=dashed, color=red]
    4 -> 5 [ label="Normal"]
    4 -> 6 [ label="Normal"]
    5 -> 6 [ label="Normal"]
    7 -> 2 [ label="Error(Implicit)", style=dashed, color=red]
    8 -> 2 [ label="Error(Implicit)", style=dashed, color=red]
    7 -> 8 [ label="Unreachable", style="dotted"]
    9 -> 2 [ label="Error(Implicit)", style=dashed, color=red]
    3 -> 4 [ label="Normal"]
    4 -> 7 [ label="Jump", color=green]
    8 -> 4 [ label="Backedge", style="dotted", color=grey]
    4 -> 9 [ label="Normal"]
    10 -> 2 [ label="Error(Implicit)", style=dashed, color=red]
    9 -> 10 [ label="Unreachable", style="dotted"]
    11 -> 0 [ label="Error(Implicit)", style=dashed, color=red]
    1 -> 11 [ label="Normal"]
}
