commit: df9d1650

transformer_typescript Summary:
AST Parsed     : 6490/6490 (100.00%)
Positive Passed: 6416/6490 (98.86%)
Mismatch: tasks/coverage/typescript/tests/cases/compiler/acceptableAlias1.ts
Mismatch: tasks/coverage/typescript/tests/cases/compiler/aliasInaccessibleModule.ts
Mismatch: tasks/coverage/typescript/tests/cases/compiler/augmentedTypesExternalModule1.ts
Mismatch: tasks/coverage/typescript/tests/cases/compiler/classExpressionWithResolutionOfNamespaceOfSameName01.ts
Mismatch: tasks/coverage/typescript/tests/cases/compiler/classImplementsImportedInterface.ts
Mismatch: tasks/coverage/typescript/tests/cases/compiler/cloduleWithPriorUninstantiatedModule.ts
Mismatch: tasks/coverage/typescript/tests/cases/compiler/collisionExportsRequireAndAmbientClass.ts
Mismatch: tasks/coverage/typescript/tests/cases/compiler/collisionExportsRequireAndAmbientEnum.ts
Mismatch: tasks/coverage/typescript/tests/cases/compiler/commentEmitAtEndOfFile1.ts
Mismatch: tasks/coverage/typescript/tests/cases/compiler/commentOnElidedModule1.ts
Mismatch: tasks/coverage/typescript/tests/cases/compiler/commentsOnJSXExpressionsArePreserved.tsx
Mismatch: tasks/coverage/typescript/tests/cases/compiler/contextualTypingOfOptionalMembers.tsx
Mismatch: tasks/coverage/typescript/tests/cases/compiler/declFileGenericType2.ts
Mismatch: tasks/coverage/typescript/tests/cases/compiler/declFileModuleContinuation.ts
Mismatch: tasks/coverage/typescript/tests/cases/compiler/declFileWithInternalModuleNameConflictsInExtendsClause1.ts
Mismatch: tasks/coverage/typescript/tests/cases/compiler/declFileWithInternalModuleNameConflictsInExtendsClause2.ts
Mismatch: tasks/coverage/typescript/tests/cases/compiler/declFileWithInternalModuleNameConflictsInExtendsClause3.ts
Mismatch: tasks/coverage/typescript/tests/cases/compiler/declarationEmitOfFuncspace.ts
Mismatch: tasks/coverage/typescript/tests/cases/compiler/declareDottedModuleName.ts
Mismatch: tasks/coverage/typescript/tests/cases/compiler/duplicateVarAndImport.ts
Mismatch: tasks/coverage/typescript/tests/cases/compiler/enumsWithMultipleDeclarations3.ts
Mismatch: tasks/coverage/typescript/tests/cases/compiler/es6ClassTest5.ts
Mismatch: tasks/coverage/typescript/tests/cases/compiler/exportDefaultForNonInstantiatedModule.ts
Mismatch: tasks/coverage/typescript/tests/cases/compiler/exportDefaultProperty2.ts
Mismatch: tasks/coverage/typescript/tests/cases/compiler/exportImportNonInstantiatedModule.ts
Mismatch: tasks/coverage/typescript/tests/cases/compiler/genericClassImplementingGenericInterfaceFromAnotherModule.ts
Mismatch: tasks/coverage/typescript/tests/cases/compiler/genericConstraintOnExtendedBuiltinTypes2.ts
Mismatch: tasks/coverage/typescript/tests/cases/compiler/globalIsContextualKeyword.ts
Mismatch: tasks/coverage/typescript/tests/cases/compiler/interfaceDeclaration2.ts
Mismatch: tasks/coverage/typescript/tests/cases/compiler/interfaceInReopenedModule.ts
Mismatch: tasks/coverage/typescript/tests/cases/compiler/internalImportUnInstantiatedModuleMergedWithClassNotReferencingInstanceNoConflict.ts
Mismatch: tasks/coverage/typescript/tests/cases/compiler/internalImportUnInstantiatedModuleNotReferencingInstanceNoConflict.ts
Mismatch: tasks/coverage/typescript/tests/cases/compiler/jsxContainsOnlyTriviaWhiteSpacesNotCountedAsChild.tsx
Mismatch: tasks/coverage/typescript/tests/cases/compiler/jsxElementClassTooManyParams.tsx
Mismatch: tasks/coverage/typescript/tests/cases/compiler/jsxLibraryManagedAttributesUnusedGeneric.tsx
Mismatch: tasks/coverage/typescript/tests/cases/compiler/jsxNamespaceReexports.tsx
Mismatch: tasks/coverage/typescript/tests/cases/compiler/mixedExports.ts
Mismatch: tasks/coverage/typescript/tests/cases/compiler/moduleAndInterfaceSharingName.ts
Mismatch: tasks/coverage/typescript/tests/cases/compiler/moduleAndInterfaceSharingName3.ts
Mismatch: tasks/coverage/typescript/tests/cases/compiler/moduleAugmentationImportsAndExports4.ts
Mismatch: tasks/coverage/typescript/tests/cases/compiler/moduleAugmentationImportsAndExports5.ts
Mismatch: tasks/coverage/typescript/tests/cases/compiler/moduleRedifinitionErrors.ts
Mismatch: tasks/coverage/typescript/tests/cases/compiler/moduleSymbolMerging.ts
Mismatch: tasks/coverage/typescript/tests/cases/compiler/namespaces1.ts
Mismatch: tasks/coverage/typescript/tests/cases/compiler/namespacesDeclaration1.ts
Mismatch: tasks/coverage/typescript/tests/cases/compiler/primitiveTypeAsmoduleName.ts
Mismatch: tasks/coverage/typescript/tests/cases/compiler/privacyGloInterface.ts
Mismatch: tasks/coverage/typescript/tests/cases/compiler/privacyInterface.ts
Mismatch: tasks/coverage/typescript/tests/cases/compiler/privacyInterfaceExtendsClauseDeclFile.ts
Mismatch: tasks/coverage/typescript/tests/cases/compiler/resolveNameWithNamspace.ts
Mismatch: tasks/coverage/typescript/tests/cases/compiler/tsxAttributeQuickinfoTypesSameAsObjectLiteral.tsx
Mismatch: tasks/coverage/typescript/tests/cases/compiler/tsxAttributesHasInferrableIndex.tsx
Mismatch: tasks/coverage/typescript/tests/cases/compiler/tsxDiscriminantPropertyInference.tsx
Mismatch: tasks/coverage/typescript/tests/cases/compiler/tsxInferenceShouldNotYieldAnyOnUnions.tsx
Mismatch: tasks/coverage/typescript/tests/cases/compiler/tsxUnionSpread.tsx
Mismatch: tasks/coverage/typescript/tests/cases/conformance/ambient/ambientInsideNonAmbient.ts
Mismatch: tasks/coverage/typescript/tests/cases/conformance/classes/classDeclarations/mergeClassInterfaceAndModule.ts
Mismatch: tasks/coverage/typescript/tests/cases/conformance/externalModules/typeOnly/cjsImportInES2015.ts
Mismatch: tasks/coverage/typescript/tests/cases/conformance/externalModules/typeOnly/importDefaultNamedType3.ts
Mismatch: tasks/coverage/typescript/tests/cases/conformance/interfaces/declarationMerging/genericAndNonGenericInterfaceWithTheSameName2.ts
Mismatch: tasks/coverage/typescript/tests/cases/conformance/interfaces/declarationMerging/mergedInterfacesWithConflictingPropertyNames2.ts
Mismatch: tasks/coverage/typescript/tests/cases/conformance/internalModules/DeclarationMerging/TwoInternalModulesThatMergeEachWithExportedAndNonExportedInterfacesOfTheSameName.ts
Mismatch: tasks/coverage/typescript/tests/cases/conformance/internalModules/DeclarationMerging/TwoInternalModulesThatMergeEachWithExportedInterfacesOfTheSameName.ts
Mismatch: tasks/coverage/typescript/tests/cases/conformance/internalModules/exportDeclarations/ExportInterfaceWithInaccessibleTypeInIndexerTypeAnnotations.ts
Mismatch: tasks/coverage/typescript/tests/cases/conformance/jsdoc/seeTag1.ts
Mismatch: tasks/coverage/typescript/tests/cases/conformance/jsx/inline/inlineJsxAndJsxFragPragmaOverridesCompilerOptions.tsx
Mismatch: tasks/coverage/typescript/tests/cases/conformance/parser/ecmascript5/ModuleDeclarations/parserModuleDeclaration12.ts
Mismatch: tasks/coverage/typescript/tests/cases/conformance/parser/ecmascript5/ModuleDeclarations/parserModuleDeclaration4.ts
Mismatch: tasks/coverage/typescript/tests/cases/conformance/parser/ecmascript5/ModuleDeclarations/parserModuleDeclaration6.ts
Mismatch: tasks/coverage/typescript/tests/cases/conformance/parser/ecmascript5/ModuleDeclarations/parserModuleDeclaration7.ts
Mismatch: tasks/coverage/typescript/tests/cases/conformance/parser/ecmascript5/ModuleDeclarations/parserModuleDeclaration8.ts
Mismatch: tasks/coverage/typescript/tests/cases/conformance/parser/ecmascript5/ModuleDeclarations/parserModuleDeclaration9.ts
Mismatch: tasks/coverage/typescript/tests/cases/conformance/types/import/importTypeGenericTypes.ts
Mismatch: tasks/coverage/typescript/tests/cases/conformance/types/import/importTypeLocal.ts
